200
2FA
35C
352
11BA
126A
1B900
1B9CE
1B89A
1B8EA
1B8D6
1B6C8
1B6CC
1B6CA
1B5CE
1B5EE
1B5EA
1B94A
1B6E6
1B6A8
1B696
1B974
1B744
1B714
1B6D2
1B97A
1B7AA
1B78A
1B64A
1B824
DEE6
DF02
DF18
1B752
1B778
BEF4
115A
158BA
5734
57DA
5898
58CA
58AA
58B8
5880
588A
5948
59B6
59A2
5992
5982
596C
5766
132A6
11CA4
11D08
11D5C
11D32
11DAC
8288
11D84
11D9E
11D9C
11C18
11C24
11D06
9222
57D2
9ED8
9F04
A0DC
A0F6
A0FC
9FF2
A0EA
9F30
9F56
9F7A
9F8E
A00C
A06C
A046
A03E
9F70
A092
A0B0
A0D8
A0D4
9EFE
9E76
19C60
9DD4
9E06
9D66
8278
9D56
9E02
97CC
981C
97EE
9869
9816
96D8
2316
1A3A
1A64
1A82
1F32
225C
2270
2288
132C6
11CA0
133AA
133C0
133E2
133DE
132D6
133BE
8A90
8B50
8C6C
8C98
8CF8
8D68
8D66
8D6C
8CC8
8C86
8B49
8B4F
8B48
8AF2
8AFC
8B62
8B0E
8B2E
8B1C
8B28
8B4C
B0DA
AF5E
AFDA
B014
B004
B010
6C94
6C8C
AFC8
A71E
A754
A74E
8A60
8A86
8A76
8360
9784
9794
97A4
83C4
8516
855A
B7B4
82EC
8302
832A
8306
B7E2
B7EC
B80A
B816
950E
955C
956A
95BE
960C
961C
951E
9556
9554
9564
B7FE
B810
E208
E254
E286
E2AC
E2C2
E2A8
E27A
C7F6
8562
8556
B766
B780
9592
B796
862A
96A6
860E
91C8
921E
90DE
829C
DEC4
9186
9192
919E
919C
9190
91F0
8F8E
8FC2
8FC8
9006
8FB4
91FE
8EC8
8F16
8F3C
8EE4
8EF8
8F1C
8F08
8D94
920C
8DA8
8DEA
8DF0
8DDC
921A
9090
8608
22FA
230A
18BE
18C4
1906
18EA
190E
18FE
18FC
190C
1A5C
1268
1148
2350
2864
4140
416E
41FA
3300
3348
438C
6C64
F1B66
DF08
133B4
1343E
1344E
13480
1347A
3334
3368
4D74
53B6
54E2
5A8A
5A92
C9B0
C9FC
CA1E
CA36
CA6E
CA4C
CA34
CA18
C9E0
CA76
4E00
9240
92A4
927C
92FC
93CA
93C6
92AA
92D2
92CC
5566
5644
5626
FF7C
10000
FEA8
FEF6
100AC
FEC4
FEF8
AC9C
ACD8
AD0E
AD36
AD1C
AD92
ADFC
AE6A
AE40
AE44
ADC8
ADE6
6F14
ACF4
FED8
FEE6
5AC2
5A7C
CD2E
CFF0
D05A
D0A4
D0CE
D252
D156
D1AA
D23A
D1D6
D1A6
D1BC
D1CC
D238
D1C8
D20C
D21C
D226
D218
D1E0
D1EE
D202
D1FE
D0C8
D09E
B3FA
B470
B4D2
B532
B526
B516
B4C6
B4BA
B464
B454
B396
B3B6
B3CE
B3C8
B3D4
B3F6
B3B0
D054
CFC0
FEE2
CD4E
CF42
CFB8
CFEA
CF58
CF6C
CF84
FFD4
CD82
CECC
CDEA
CE9A
CF14
CE96
C3F8
C542
C60E
C5FE
C63E
C5FA
C67A
C76A
C706
C72C
C764
C4C0
C656
C6DB
C6D2
BF0A
BF64
B538
B670
B6AE
B730
B692
B69A
B6A8
BF58
BF7E
B58A
B5C2
B5EE
B5AA
B5BA
544C
54CE
4228
14CCE
14D06
14CDC
14C7E
14C96
4210
C134
C3F0
5504
552C
5548
553C
5528
54C6
4D8C
14C9A
14CC8
14CA8
14CB4
81AC
81D0
4A58
5308
AF00
AF5C
8882
85D6
8594
91A6
AF16
87D0
B846
C0E4
C126
C122
C3EA
B91A
BA20
BA64
BA88
BBF8
4DFA
D52A
D674
D540
D55A
D5F6
11C8E
D5F2
11C28
11C46
94DC
9504
94FA
D558
BBB2
BBE6
6C54
6D06
BBCE
D736
10006
BD10
BDD4
BD34
BD62
BDE4
BDF8
BDF4
BDD0
BDFE
BE4E
BE42
BA86
BA62
BC16
BC42
BC7A
BCA2
BC8A
B95C
BC2C
15D36
15D70
15D5C
15D60
15D6E
6B04
6B22
6B38
6B2C
BCA4
BCE4
BCFA
BCF6
BCDE
BFC2
E19C
E1EA
E1F4
E204
8694
870A
8706
C77E
C7A0
C7CA
C7F2
C7E0
C7E8
C7B4
C7C2
AF22
AF52
8710
8782
C002
C0D0
C062
C0CC
C07E
C3CA
C3E8
C3D2
C3E2
99BC
99DA
9BB6
9C00
9CA0
9CDA
9CBE
9CD8
9CC4
9CD4
9CE4
9C98
9D36
9DC4
9DBF
9DAD
9DB3
9CF6
9D9F
9D8D
9D93
9D7F
9D6D
9D73
9BF8
99F6
9964
976C
CCB6
CCF4
CD20
8768
82AC
82E6
82BA
82C4
82DE
82D2
82DC
71D6
724C
13E56
72B2
7302
7314
748C
8034
7000
700A
7528
7532
A850
A85A
A880
A990
A8AE
A8E8
A9A4
C87A
C898
C941
C934
C938
C935
C92F
C92C
C90E
C8CC
C888
A8DE
A8FE
6F02
A904
A93A
A996
A858
A7BC
A7FC
A7EE
7522
752E
751C
1368C
13322
132F6
13306
13376
13406
13430
13420
132DE
1330E
13284
132A0
13292
89A2
6F70
AAA4
AB9C
AC2A
AC60
AC5E
11C5E
11C86
11C74
11C82
6EF0
6F26
6F5A
6F56
A9B8
A9E4
8A44
1344A
C8FC
1391A
13A4C
138FC
139AE
139C4
139DE
139E2
139F4
13A22
13A30
13ADE
13B14
6C3A
13B2A
13BAE
13B02
13A9E
13BD2
13C02
13C64
13C7E
13C7C
13C2E
13C42
13C54
13A00
13A0C
13A18
136BC
1388E
138AC
13951
138E4
A9EA
AA28
AA4C
AA86
AA94
AA74
AA7C
AA18
AA46
6E80
74F4
78D6
790C
797C
13DD6
79D0
79EE
7B50
7BA6
6D1E
6D74
6DE2
6DF4
6EBC
6E70
6DF0
6E9E
6D98
6DD0
6DC8
6D68
7D7C
7DAC
7A32
A102
A1CC
A2D0
A2FA
A382
A3CA
A41A
A4C4
A4DC
A572
A564
A4D6
A3E0
A3F2
A372
6BD6
6BF8
A402
A40E
A3AC
A2F6
A2CC
A68E
A6BC
A6AE
A1CA
975C
7DE6
7E20
7FC8
11C4C
13268
11BDC
11BE2
11BF8
7E2A
134B0
13558
1358E
13612
1362C
135B4
13588
13552
7E0C
7A84
7AD0
7E42
7AF8
81E6
826A
8218
7DB0
7DE0
7DDE
7B76
7C38
7978
7CA0
7D2C
7D04
7D2E
7D70
7D6E
13DA2
13DF0
13E24
13E22
7BEE
7BB6
7906
6EEC
74FE
736E
7384
73A8
739A
73A4
73F8
7312
72D2
72EA
72F8
AB5A
AB82
AC6C
AB80
7248
7418
7470
746E
7194
982A
9848
98C0
9934
995C
9866
9894
98BC
989A
9842
8874
A768
A7B2
4A82
4B1A
4BF0
4C82
13C9C
13CB8
13CB4
4A9E
4AEC
4AF2
B912
4B10
4B20
4B88
4BE2
4B82
4BE0
6BFE
424E
4272
4268
4284
404A
40CE
42E0
4302
40AA
40BC
40D0
4100
FFF0F9
4159
4162
414D
40F8
4154
4160
4168
3D2
49E
C96
CD0
B92
B1C
DC4
E2A
E58
F5A
109E
14246
136DA
13720
1374C
137BA
1380E
137CA
137DA
13802
1382C
13848
13844
13860
137F6
136F6
1016
104E
1054
106E
E22
E8C
11BF2
CC8
10B2
416
4C0
452
460
486
494
490
88C4
12FC
15FC
160C
161C
75FA
166C
171A
174E
17AA
17A0
1810
1870
186E
1712
1722
17C8
8A6E
1628
F1B6C
F1BBE
2878
28E6
2936
2AF8
2B02
2B88
2B50
270E
26EA
2752
2794
277C
2790
273C
2732
2902
19CCA
19D4E
19D26
19CEC
FFFB0
FFFC6
FFFD4
FFFC4
DE8C
DEBE
23D6
2422
26E2
2464
252E
25F4
2698
279A
23B2
23C8
23C0
2364
2664
2390
269A
27C0
27F8
2850
2836
27F4
2328
233E
24C0
24FC
2538
25EE
2580
25BC
DEA0
1B542
1B7BA
1B866
1B892
DFEC
9682
DF70
